# sql queries
# titel -> [titel_of_query]
# EOSQL -> end of sql

[add_new_word]
INSERT INTO ge.all_words_objects (word, meaning, genus) VALUES(?, ?, ?);
EOSQL

[check_word]
SELECT woid FROM ge.all_words_objects awo WHERE awo.word = ? AND awo.genus = ? LIMIT 1;
EOSQL

[add_new_sentence]
INSERT INTO ge.sentences (sentence, meaning, type) VALUES(?, ?, ?);
EOSQL

[check_sentence]
SELECT s.oid FROM ge.sentences s WHERE s.sentence = ? AND s.type = ? ;
EOSQL

[check_sentence_mode]
SELECT s.oid FROM ge.sentences s WHERE s.sentence = ? AND s.mode = ? ;
EOSQL

[add_sentence_with_mode]
INSERT INTO ge.sentences (sentence, meaning, category, mode) VALUES(?, ?, 'der Satz', ?);
EOSQL


[get_all_words_by_genus]
SELECT * FROM ge.all_words_objects awo WHERE awo.genus = ? LIMIT ? ;
EOSQL

[get_word_from_main_table_by_woid]
SELECT awo.word, awo.meaning, awo.genus FROM ge.all_words_objects awo WHERE awo.woid = ? ;
EOSQL

[get_word_from_main_table_by_word]
SELECT awo.woid, awo.meaning, awo.genus FROM ge.all_words_objects awo WHERE awo.word = ? ;
EOSQL

[get_limit_nouns]
SELECT awo.* FROM ge.nouns limit ? ;
EOSQL

[get_noun_by_word]
SELECT n.* FROM ge.nouns n WHERE n.word = ? LIMIT 1;
EOSQL

[check_word_in_table_nouns]
SELECT n.oid FROM ge.nouns n WHERE n.word = ? LIMIT 1;
EOSQL

[get_all_nouns]
SELECT * from ge.nouns;
EOSQL

[add_rules]
INSERT INTO ge.rules(titles, contents, refers_to_1) VALUES(?, ?, ?);
EOSQL
