# sql queries
# titel -> [titel_of_query]
# EOSQL -> end of sql

[add_new_word]
INSERT INTO ge.all_words_objects (word, meaning, genus) VALUES(?, ?, ?);
EOSQL

[check_word]
SELECT awo.woid FROM ge.all_words_objects awo WHERE awo.word = ? AND awo.genus = ? LIMIT 1;
EOSQL

[check_adjectives_old]
SELECT a.oid FROM ge.adjectives a WHERE a.word = ? LIMIT 1;
EOSQL

[check_adjectives]
SELECT a.oid FROM ge.adjective_graduation a WHERE a.equal_degree_ge = ? LIMIT 1;
EOSQL

[check_verb]
SELECT * FROM ge.verbs v WHERE v.word = ? LIMIT 1;
EOSQL

[check_verbs_conjugation]
SELECT v.oid FROM ge.verbs_conjugation v WHERE v.woid = ? AND v.tens = ? ;
EOSQL

[add_new_verbs_conjugation]
INSERT INTO ge.verbs_conjugation(modus, tens, ich, ja, du, ty, er_sie_es, on_ona_ono, wir, my,
 ihr, wy, sie_sie, oni_panstwo, woid)
 VALUES(?,?,?,?,?,?,?,?,?,?,?,?,?,?,?);
EOSQL

[add_verbs_imperative]
INSERT INTO FROM ge.verbs_conjugation (woid, modus, tens, present_infinitive, czas_terazniejszy_bezokolicznik,
 infinitive_perfect, czas_dokonany_bezokolicznik, participle_i, imieslow_i, participle_ii, imieslow_ii)
 VALUES(?,?,?,?,?,?,?,?,?,?,?) ;
EOSQL

[check_verbs_impersonal]
SELECT v.oid from ge.verbs_conjugation v WHERE v.wir = ? AND v.modus = ? AND v.tens = ? AND v.woid = ? ;
EOSQL

[check_verbs_imperative_and_impersonal]
SELECT v.oid from ge.verbs_conjugation v WHERE v.modus = ? AND v.wir = ? AND  v.tens = ? ;
EOSQL

[add_new_sentence]
INSERT INTO ge.sentences (sentence, meaning, type) VALUES(?, ?, ?);
EOSQL

## Checking
[check_sentence]
SELECT s.oid FROM ge.sentences s WHERE s.sentence = ? AND s.category = ? ;
EOSQL

[check_sentence_mode]
SELECT s.oid FROM ge.sentences s WHERE s.sentence = ? AND s.mode = ? ;
EOSQL

// Sentence,Meaning,Genus,Mode,Tens,Word,Word_Meaning,Word_genus
## INSERT INTO ge.sentences (sentence,meaning,genus,mode,tens,word,word_meaning,word_genus) VALUES(?, ?, ?, ?, ?, ?);
[add_sentence]
INSERT INTO ge.sentences (sentence, meaning) VALUES(?, ?);
EOSQL

[add_sentence_with_mode]
INSERT INTO ge.sentences (sentence,meaning,type,category,tens,word) VALUES(?, ?, ?, ?, ?, ?);
EOSQL

[add_sentence_with_woid]
INSERT INTO ge.sentences (sentence, meaning, type, category, tens, word, woid) VALUES(?, ?, ?, ?, ?, ?, ?);
EOSQL


## Getting
[get_sentence_oid]
SELECT s.oid FROM ge.sentences s WHERE s.sentence = ?;
EOSQL


[get_all_words_by_genus]
SELECT * FROM ge.all_words_objects awo WHERE awo.genus = ? LIMIT ? ;
EOSQL

[get_all_verbs]
SELECT * from ge.verbs ;
EOSQL

[get_word_from_main_table_by_woid]
SELECT awo.word, awo.meaning, awo.genus FROM ge.all_words_objects awo WHERE awo.woid = ? ;
EOSQL

[get_word_from_main_table_by_word]
SELECT awo.woid, awo.meaning, awo.genus FROM ge.all_words_objects awo WHERE awo.word = ? ;
EOSQL

[get_limit_nouns]
SELECT awo.* FROM ge.nouns limit ? ;
EOSQL

[get_noun_by_word]
SELECT n.* FROM ge.nouns n WHERE n.word = ? LIMIT 1;
EOSQL

[check_word_in_table_nouns]
SELECT n.oid FROM ge.nouns n WHERE n.word = ? LIMIT 1;
EOSQL

[get_all_nouns]
SELECT * from ge.nouns;
EOSQL

[add_rules]
INSERT INTO ge.rules(title, contents, tips) VALUES(?, ?, ?);
EOSQL

## Get from database
[get_word_woid]
SELECT woid FROM ge.all_words_objects WHERE word = ? AND genus = ? ;
EOSQL

[get_woid_from_sentence]
SELECT woid FROM ge.sentences WHERE oid = ?  ;
EOSQL

[get_all_sentences_to_export]
SELECT sentence, meaning, type FROM ge.sentences ;
EOSQL

[get_all_sentences_to_export_pl]
SELECT meaning, sentence, type FROM ge.sentences ;
EOSQL

[get_all_words]
SELECT * from ge.all_words_objects;
EOSQL

[get_all_words_to_export]
SELECT word, meaning, genus from ge.all_words_objects;
EOSQL

[get_all_words_to_export_pl]
SELECT meaning, word, genus FROM ge.all_words_objects;
EOSQL

[add_adjective_graduation]
INSERT INTO ge.adjective_graduation(equal_degree_ge,equal_degree_pl,comparative_ge,comparative_pl,
highest_degree_ge,highest_degree_pl,woid)
 VALUES(?,?,?,?,?,?,(SELECT a.woid FROM ge.all_words_objects a
 WHERE a.word = ? LIMIT 1));
EOSQL

[prepare_view_nouns_for_game]
create or replace recursive view game_nouns(word, meaning, sentence) as (
 with
 lists as ( SELECT T.word, T.sentence
 FROM (SELECT a.*, ROW_NUMBER() OVER (PARTITION BY word ORDER BY word DESC) AS rnk
 FROM ge.sentences as a ) T WHERE T.rnk = 1 ),
 listw as ( select awo.woid, awo.word, awo.meaning from ge.all_words_objects awo  where awo.genus = 'das Substantiv')
 select w.word, w.meaning, s.sentence from listw w left join lists s on w.word = s.word) ;
EOSQL

[get_nouns_view_for_game]
select word, meaning, sentence from game_nouns ;
EOSQL

[prepare_view_words_for_game]
create or replace recursive view game_words(word, meaning, sentence) as (
 with lists as ( SELECT T.word, T.sentence from
	(SELECT a.*, ROW_NUMBER() OVER (PARTITION BY word ORDER BY word DESC) AS rnk
		FROM ge.sentences as a ) T WHERE T.rnk = 1 ),
 listw as ( select awo.woid, awo.word, awo.meaning from ge.all_words_objects awo)
 select distinct w.word, w.meaning, s.sentence from listw w left join lists s on w.word = s.word) ;
EOSQL
